../Core/Src/main.c:92:5:main	48	static
../Core/Src/main.c:179:6:SystemClock_Config	88	static
../Core/Src/main.c:225:13:MX_ETH_Init	8	static
../Core/Src/main.c:274:13:MX_TIM3_Init	64	static
../Core/Src/main.c:333:13:MX_TIM4_Init	64	static
../Core/Src/main.c:392:13:MX_TIM12_Init	40	static
../Core/Src/main.c:434:13:MX_USART3_UART_Init	8	static
../Core/Src/main.c:467:13:MX_USB_OTG_FS_PCD_Init	8	static
../Core/Src/main.c:500:13:MX_DMA_Init	16	static
../Core/Src/main.c:518:13:MX_GPIO_Init	56	static
../Core/Src/main.c:561:6:HAL_UART_RxCpltCallback	16	static
../Core/Src/main.c:579:6:StartDefaultTask	16	static
../Core/Src/main.c:618:6:HAL_TIM_PeriodElapsedCallback	16	static
../Core/Src/main.c:636:6:Error_Handler	4	static,ignoring_inline_asm
