../Core/Src/main.c:93:5:main	48	static
../Core/Src/main.c:180:6:SystemClock_Config	88	static
../Core/Src/main.c:226:13:MX_ETH_Init	8	static
../Core/Src/main.c:275:13:MX_TIM3_Init	64	static
../Core/Src/main.c:334:13:MX_TIM4_Init	64	static
../Core/Src/main.c:393:13:MX_TIM12_Init	40	static
../Core/Src/main.c:435:13:MX_USART3_UART_Init	8	static
../Core/Src/main.c:468:13:MX_USB_OTG_FS_PCD_Init	8	static
../Core/Src/main.c:501:13:MX_DMA_Init	16	static
../Core/Src/main.c:519:13:MX_GPIO_Init	56	static
../Core/Src/main.c:562:6:HAL_UART_RxCpltCallback	16	static
../Core/Src/main.c:580:6:StartDefaultTask	16	static
../Core/Src/main.c:619:6:HAL_TIM_PeriodElapsedCallback	16	static
../Core/Src/main.c:637:6:Error_Handler	4	static,ignoring_inline_asm
